// Jest Snapshot v1, https://goo.gl/fbAQLP

exports[`Button Component should render correcty 1`] = `
<button
  className="sc-bdnxRM cupUVD"
  onClick={[MockFunction]}
>
  Button
</button>
`;
